gcc -O3 -march=native -mtune=native -Wall -Wextra -Wpedantic -std=c11 -D_POSIX_C_SOURCE=199309L -DMARKET_MODE -c room_engine.c -o room_engine.o
gcc -O3 -march=native -mtune=native -Wall -Wextra -Wpedantic -std=c11 -D_POSIX_C_SOURCE=199309L -DMARKET_MODE -c room_feeds.c -o room_feeds.o
gcc -O3 -march=native -mtune=native -Wall -Wextra -Wpedantic -std=c11 -D_POSIX_C_SOURCE=199309L -DMARKET_MODE -c room_features.c -o room_features.o
gcc -O3 -march=native -mtune=native -Wall -Wextra -Wpedantic -std=c11 -D_POSIX_C_SOURCE=199309L -DMARKET_MODE -c room_vote.c -o room_vote.o
In file included from room_engine.c:20:
nested_ht_infer.h: In function ‘load_nested_weights’:
nested_ht_infer.h:281:9: warning: unused variable ‘offset’ [-Wunused-variable]
  281 |     int offset = 0;
      |         ^~~~~~
room_engine.c: In function ‘load_warmstart_genomes’:
room_engine.c:542:59: warning: unused parameter ‘n’ [-Wunused-parameter]
  542 | static int load_warmstart_genomes(AgentState *agents, int n, int max_warm) {
      |                                                       ~~~~^
nested_ht_infer.h: In function ‘load_nested_weights’:
nested_ht_infer.h:276:5: warning: ignoring return value of ‘fread’ declared with attribute ‘warn_unused_result’ [-Wunused-result]
  276 |     fread(json, 1, len, f);
      |     ^~~~~~~~~~~~~~~~~~~~~~
gcc -O3 -march=native -mtune=native -Wall -Wextra -Wpedantic -std=c11 -D_POSIX_C_SOURCE=199309L -DMARKET_MODE -c room_capital.c -o room_capital.o
gcc -O3 -march=native -mtune=native -Wall -Wextra -Wpedantic -std=c11 -D_POSIX_C_SOURCE=199309L -DMARKET_MODE -c room_market.c -o room_market.o
gcc -O3 -march=native -mtune=native -Wall -Wextra -Wpedantic -std=c11 -D_POSIX_C_SOURCE=199309L -DMARKET_MODE -c room_darwin.c -o room_darwin.o
gcc -O3 -march=native -mtune=native -Wall -Wextra -Wpedantic -std=c11 -D_POSIX_C_SOURCE=199309L -DMARKET_MODE -c room_bridge.c -o room_bridge.o
gcc -O3 -march=native -mtune=native -Wall -Wextra -Wpedantic -std=c11 -D_POSIX_C_SOURCE=199309L -DMARKET_MODE -o room_engine_market room_engine.o room_feeds.o room_features.o room_vote.o room_capital.o room_market.o room_darwin.o room_bridge.o -lm
